// Jest Snapshot v1, https://goo.gl/fbAQLP

exports[`Sender Component rtl render component should be rendered correctly in RTL direction 1`] = `
<div
  class="ant-suggestion ant-suggestion-rtl"
>
  <div
    class="ant-suggestion-input"
  >
    <input
      class="ant-input ant-input-rtl ant-input-outlined"
      type="text"
      value=""
    />
  </div>
</div>
`;
